logo-ls v1.3.7
Copyright (c) 2020 Yash Handa
License MIT <https://opensource.org/licenses/MIT>.
This is free software: you are free to change and redistribute it.
There is NO WARRANTY, to the extent permitted by law.

Written by Yash Handa
